Archive member included because of file (symbol)

C:/hlocal/workspace/lab1/libimgarm.a(imglib_arm.o)
                              ./misc.o (gaussian)

Allocating common symbols
Common symbol       size              file

imagenRGB           0x4               ./main.o
imagenGauss         0x40000           ./main.o
imagenSobel         0x40000           ./main.o
imagenGris          0x40000           ./main.o

Memory Configuration

Name             Origin             Length             Attributes
*default*        0x00000000         0xffffffff

Linker script and memory map

LOAD ./init.o
LOAD ./lena512color.o
LOAD ./main.o
LOAD ./misc.o
LOAD ./trafo.o
LOAD C:/hlocal/workspace/lab1/libimgarm.a
LOAD C:\Users\diego\Desktop\EC\labs\lab1\alumnos\libimgarm.a
START GROUP
LOAD c:/users/diego/desktop/ec/eclipsearm/sourcery-g++-lite-arm-2011.03/bin/../lib/gcc/arm-none-eabi/4.5.2\libgcc.a
LOAD c:/users/diego/desktop/ec/eclipsearm/sourcery-g++-lite-arm-2011.03/bin/../lib/gcc/arm-none-eabi/4.5.2/../../../../arm-none-eabi/lib\libc.a
END GROUP
                0x0c000000                . = 0xc000000

.data           0x0c000000    0xc0088
 *(.data)
 .data          0x0c000000        0x0 ./init.o
 .data          0x0c000000    0xc0000 ./lena512color.o
                0x0c000000                imageLena512
 .data          0x0c0c0000        0x0 ./main.o
 .data          0x0c0c0000        0x0 ./misc.o
 .data          0x0c0c0000        0x0 ./trafo.o
 .data          0x0c0c0000        0x0 C:/hlocal/workspace/lab1/libimgarm.a(imglib_arm.o)
 *(.rodata)
 .rodata        0x0c0c0000       0x88 C:/hlocal/workspace/lab1/libimgarm.a(imglib_arm.o)

.bss            0x0c0c0088    0xc0004
 *(.bss)
 .bss           0x0c0c0088        0x0 ./init.o
 .bss           0x0c0c0088        0x0 ./lena512color.o
 .bss           0x0c0c0088        0x0 ./main.o
 .bss           0x0c0c0088        0x0 ./misc.o
 .bss           0x0c0c0088        0x0 ./trafo.o
 .bss           0x0c0c0088        0x0 C:/hlocal/workspace/lab1/libimgarm.a(imglib_arm.o)
 *(COMMON)
 COMMON         0x0c0c0088    0xc0004 ./main.o
                0x0c0c0088                imagenRGB
                0x0c0c008c                imagenGauss
                0x0c10008c                imagenSobel
                0x0c14008c                imagenGris

.text           0x0c18008c      0x504
 *(.text)
 .text          0x0c18008c       0x14 ./init.o
                0x0c18008c                start
 .text          0x0c1800a0        0x0 ./lena512color.o
 .text          0x0c1800a0       0xd4 ./main.o
                0x0c1800a0                initRGB
                0x0c1800d8                main
 .text          0x0c180174      0x10c ./misc.o
                0x0c180174                rgb2gray
                0x0c1801b0                div16384
                0x0c1801d8                apply_gaussian
                0x0c180238                countWhite
 .text          0x0c180280      0x198 ./trafo.o
                0x0c180280                RGB2GrayMatrix
                0x0c180358                apply_sobel
 .text          0x0c180418      0x178 C:/hlocal/workspace/lab1/libimgarm.a(imglib_arm.o)
                0x0c180418                gaussian
                0x0c1804cc                sobel
                0x0c18058c                non_max_sup
                0x0c180590                PROVIDE (end, .)
                0x0c7ff000                PROVIDE (_stack, 0xc7ff000)
OUTPUT(lab1.elf elf32-littlearm)

.glue_7         0x0c180590        0x0
 .glue_7        0x00000000        0x0 linker stubs

.glue_7t        0x0c180590        0x0
 .glue_7t       0x00000000        0x0 linker stubs

.vfp11_veneer   0x0c180590        0x0
 .vfp11_veneer  0x00000000        0x0 linker stubs

.v4_bx          0x0c180590        0x0
 .v4_bx         0x00000000        0x0 linker stubs

.ARM.attributes
                0x00000000       0x2c
 .ARM.attributes
                0x00000000       0x22 ./init.o
 .ARM.attributes
                0x00000022       0x32 ./lena512color.o
 .ARM.attributes
                0x00000054       0x32 ./main.o
 .ARM.attributes
                0x00000086       0x22 ./misc.o
 .ARM.attributes
                0x000000a8       0x32 ./trafo.o
 .ARM.attributes
                0x000000da       0x30 C:/hlocal/workspace/lab1/libimgarm.a(imglib_arm.o)

.comment        0x00000000       0x3b
 .comment       0x00000000       0x2a ./lena512color.o
                                 0x2b (size before relaxing)
 .comment       0x00000000       0x2b ./main.o
 .comment       0x00000000       0x2b ./trafo.o
 .comment       0x0000002a       0x11 C:/hlocal/workspace/lab1/libimgarm.a(imglib_arm.o)
                                 0x12 (size before relaxing)

.debug_line     0x00000000      0x4e7
 .debug_line    0x00000000       0x3c ./init.o
 .debug_line    0x0000003c       0x47 ./lena512color.o
 .debug_line    0x00000083      0x349 ./main.o
 .debug_line    0x000003cc       0x78 ./misc.o
 .debug_line    0x00000444       0xa3 ./trafo.o

.debug_info     0x00000000      0x42e
 .debug_info    0x00000000       0x52 ./init.o
 .debug_info    0x00000052       0x5d ./lena512color.o
 .debug_info    0x000000af      0x1ce ./main.o
 .debug_info    0x0000027d       0x52 ./misc.o
 .debug_info    0x000002cf      0x15f ./trafo.o

.debug_abbrev   0x00000000      0x220
 .debug_abbrev  0x00000000       0x14 ./init.o
 .debug_abbrev  0x00000014       0x44 ./lena512color.o
 .debug_abbrev  0x00000058       0xe5 ./main.o
 .debug_abbrev  0x0000013d       0x14 ./misc.o
 .debug_abbrev  0x00000151       0xcf ./trafo.o

.debug_aranges  0x00000000       0x80
 .debug_aranges
                0x00000000       0x20 ./init.o
 .debug_aranges
                0x00000020       0x20 ./main.o
 .debug_aranges
                0x00000040       0x20 ./misc.o
 .debug_aranges
                0x00000060       0x20 ./trafo.o

.debug_macinfo  0x00000000     0x8db5
 .debug_macinfo
                0x00000000     0x210e ./lena512color.o
 .debug_macinfo
                0x0000210e     0x4b79 ./main.o
 .debug_macinfo
                0x00006c87     0x212e ./trafo.o

.debug_pubnames
                0x00000000       0xbc
 .debug_pubnames
                0x00000000       0x23 ./lena512color.o
 .debug_pubnames
                0x00000023       0x64 ./main.o
 .debug_pubnames
                0x00000087       0x35 ./trafo.o

.debug_str      0x00000000      0x150
 .debug_str     0x00000000       0x58 ./lena512color.o
                                 0x65 (size before relaxing)
 .debug_str     0x00000058       0xb2 ./main.o
                                0x131 (size before relaxing)
 .debug_str     0x0000010a       0x46 ./trafo.o
                                 0xa2 (size before relaxing)

.debug_loc      0x00000000       0xb0
 .debug_loc     0x00000000       0x58 ./main.o
 .debug_loc     0x00000058       0x58 ./trafo.o

.debug_pubtypes
                0x00000000       0x60
 .debug_pubtypes
                0x00000000       0x30 ./main.o
 .debug_pubtypes
                0x00000030       0x30 ./trafo.o

.debug_frame    0x00000000       0xa8
 .debug_frame   0x00000000       0x50 ./main.o
 .debug_frame   0x00000050       0x58 ./trafo.o
